2026-10-07T01:59:11+0530 fd=4 CONNECT worker started
2026-10-07T01:59:11+0530 fd=4 COMMAND AUTH [token omitted]
2026-10-07T01:59:11+0530 fd=4 COMMAND LISTPROC
2026-10-07T01:59:11+0530 fd=4 COMMAND EXEC DATE
2026-10-07T01:59:11+0530 fd=4 COMMAND EXEC UPTIME
2026-10-07T01:59:11+0530 fd=4 COMMAND EXEC DISKFREE
2026-10-07T01:59:11+0530 fd=4 COMMAND EXEC HOSTNAME
2026-10-07T01:59:11+0530 fd=4 COMMAND EXEC WHOAMI
2026-10-07T01:59:11+0530 fd=4 COMMAND EXEC UNKNOWN
2026-10-07T01:59:11+0530 fd=4 COMMAND EXEC DATE;whoami
2026-10-07T01:59:11+0530 fd=4 COMMAND EXEC date
2026-10-07T01:59:11+0530 fd=4 COMMAND EXEC DATE extra
2026-10-07T01:59:11+0530 fd=4 COMMAND EXEC
2026-10-07T01:59:11+0530 fd=4 COMMAND QUIT
2026-10-07T01:59:11+0530 fd=4 DISCONNECT session ended
2026-10-07T01:59:12+0530 fd=5 CONNECT worker started
2026-10-07T01:59:12+0530 fd=5 COMMAND AUTH [token omitted]
2026-10-07T01:59:12+0530 fd=5 COMMAND QUIT
2026-10-07T01:59:12+0530 fd=5 DISCONNECT session ended
2026-10-07T01:59:12+0530 fd=4 CONNECT worker started
2026-10-07T01:59:12+0530 fd=4 COMMAND SYSINFO
2026-10-07T01:59:12+0530 fd=4 COMMAND AUTH [token omitted]
2026-10-07T01:59:12+0530 fd=4 COMMAND QUIT
2026-10-07T01:59:12+0530 fd=4 DISCONNECT session ended
2026-10-07T01:59:36+0530 fd=5 CONNECT worker started
2026-10-07T01:59:50+0530 fd=5 COMMAND AUTH [token omitted]
2026-10-07T02:03:13+0530 fd=4 CONNECT worker started
2026-10-07T02:03:13+0530 fd=4 COMMAND AUTH [token omitted]
2026-10-07T02:03:13+0530 fd=4 COMMAND QUIT
2026-10-07T02:03:13+0530 fd=4 DISCONNECT session ended
2026-10-07T02:03:13+0530 fd=5 CONNECT worker started
2026-10-07T02:03:13+0530 fd=5 COMMAND SYSINFO
2026-10-07T02:03:13+0530 fd=5 COMMAND AUTH [token omitted]
2026-10-07T02:03:13+0530 fd=5 COMMAND QUIT
2026-10-07T02:03:13+0530 fd=5 DISCONNECT session ended
2026-10-07T02:05:05+0530 fd=4 CONNECT worker started
2026-10-07T02:05:05+0530 fd=4 COMMAND AUTH [token omitted]
2026-10-07T02:05:05+0530 fd=4 COMMAND QUIT
2026-10-07T02:05:05+0530 fd=4 DISCONNECT session ended
2026-10-07T02:05:05+0530 fd=5 CONNECT worker started
2026-10-07T02:05:05+0530 fd=5 COMMAND SYSINFO
2026-10-07T02:05:05+0530 fd=5 COMMAND AUTH [token omitted]
2026-10-07T02:05:05+0530 fd=5 COMMAND QUIT
2026-10-07T02:05:05+0530 fd=5 DISCONNECT session ended
2026-10-07T02:09:10+0530 fd=4 CONNECT worker started
2026-10-07T02:09:10+0530 fd=4 COMMAND AUTH [token omitted]
2026-10-07T02:09:10+0530 fd=4 EOF peer closed connection
2026-10-07T02:09:10+0530 fd=4 DISCONNECT session ended
2026-10-07T06:18:35+0530 fd=5 CONNECT worker started
2026-10-07T06:18:35+0530 fd=5 COMMAND AUTH [token omitted]
2026-10-07T06:18:35+0530 fd=5 COMMAND QUIT
2026-10-07T06:18:35+0530 fd=5 DISCONNECT session ended
2026-10-07T06:18:35+0530 fd=4 CONNECT worker started
2026-10-07T06:18:35+0530 fd=4 COMMAND SYSINFO
2026-10-07T06:18:35+0530 fd=4 COMMAND AUTH [token omitted]
2026-10-07T06:18:35+0530 fd=4 COMMAND QUIT
2026-10-07T06:18:35+0530 fd=4 DISCONNECT session ended
2026-10-07T06:18:36+0530 fd=5 CONNECT worker started
2026-10-07T06:18:36+0530 fd=5 COMMAND AUTH [token omitted]
2026-10-07T06:18:36+0530 fd=5 COMMAND LISTPROC
2026-10-07T06:18:36+0530 fd=5 COMMAND EXEC DATE
2026-10-07T06:18:36+0530 fd=5 COMMAND EXEC UPTIME
2026-10-07T06:18:36+0530 fd=5 COMMAND EXEC DISKFREE
2026-10-07T06:18:36+0530 fd=5 COMMAND EXEC HOSTNAME
2026-10-07T06:18:36+0530 fd=5 COMMAND EXEC WHOAMI
2026-10-07T06:18:36+0530 fd=5 COMMAND EXEC UNKNOWN
2026-10-07T06:18:36+0530 fd=5 COMMAND EXEC DATE;whoami
2026-10-07T06:18:36+0530 fd=5 COMMAND EXEC date
2026-10-07T06:18:36+0530 fd=5 COMMAND EXEC DATE extra
2026-10-07T06:18:36+0530 fd=5 COMMAND EXEC
2026-10-07T06:18:36+0530 fd=5 COMMAND QUIT
2026-10-07T06:18:36+0530 fd=5 DISCONNECT session ended
